V = {BINDIGIT, S}
T = {0, 1, a, b}
P = {
  BINDIGIT -> `0` 
  BINDIGIT -> `1` 
  S -> `` 
  S -> `a S b BINDIGIT` 
}
S = S
